12:11:34 **** Incremental Build of configuration Debug for project Driver_dev ****
make -j6 all 
arm-none-eabi-gcc -mcpu=cortex-m4 -g -DDEBUG -c -x assembler-with-cpp -MMD -MP -MF"Startup/startup_stm32f401retx.d" -MT"Startup/startup_stm32f401retx.o" --specs=nano.specs -mfloat-abi=soft -mthumb -o "Startup/startup_stm32f401retx.o" "../Startup/startup_stm32f401retx.s"
arm-none-eabi-gcc "../Src/main.c" -mcpu=cortex-m4 -std=gnu11 -g -DDEBUG -DSTM32 -DSTM32F401RETx -DSTM32F4 -c -I../Inc -I"C:/Users/littles/Desktop/embedded system/STM_32/Driver_dev/Drivers/inc" -O0 -ffunction-sections -fdata-sections -Wall -fstack-usage -fcyclomatic-complexity -MMD -MP -MF"Src/main.d" -MT"Src/main.o" --specs=nano.specs -mfloat-abi=soft -mthumb -o "Src/main.o"
arm-none-eabi-gcc "../Src/syscalls.c" -mcpu=cortex-m4 -std=gnu11 -g -DDEBUG -DSTM32 -DSTM32F401RETx -DSTM32F4 -c -I../Inc -I"C:/Users/littles/Desktop/embedded system/STM_32/Driver_dev/Drivers/inc" -O0 -ffunction-sections -fdata-sections -Wall -fstack-usage -fcyclomatic-complexity -MMD -MP -MF"Src/syscalls.d" -MT"Src/syscalls.o" --specs=nano.specs -mfloat-abi=soft -mthumb -o "Src/syscalls.o"
arm-none-eabi-gcc "../Src/sysmem.c" -mcpu=cortex-m4 -std=gnu11 -g -DDEBUG -DSTM32 -DSTM32F401RETx -DSTM32F4 -c -I../Inc -I"C:/Users/littles/Desktop/embedded system/STM_32/Driver_dev/Drivers/inc" -O0 -ffunction-sections -fdata-sections -Wall -fstack-usage -fcyclomatic-complexity -MMD -MP -MF"Src/sysmem.d" -MT"Src/sysmem.o" --specs=nano.specs -mfloat-abi=soft -mthumb -o "Src/sysmem.o"
arm-none-eabi-gcc "../Drivers/src/stm32f401xx_gpio_driver.c" -mcpu=cortex-m4 -std=gnu11 -g -DDEBUG -DSTM32 -DSTM32F401RETx -DSTM32F4 -c -I../Inc -I"C:/Users/littles/Desktop/embedded system/STM_32/Driver_dev/Drivers/inc" -O0 -ffunction-sections -fdata-sections -Wall -fstack-usage -fcyclomatic-complexity -MMD -MP -MF"Drivers/src/stm32f401xx_gpio_driver.d" -MT"Drivers/src/stm32f401xx_gpio_driver.o" --specs=nano.specs -mfloat-abi=soft -mthumb -o "Drivers/src/stm32f401xx_gpio_driver.o"
arm-none-eabi-gcc -o "Driver_dev.elf" @"objects.list"   -mcpu=cortex-m4 -T"C:\Users\littles\Desktop\embedded system\STM_32\Driver_dev\STM32F401RETX_FLASH.ld" --specs=nosys.specs -Wl,-Map="Driver_dev.map" -Wl,--gc-sections -static --specs=nano.specs -mfloat-abi=soft -mthumb -Wl,--start-group -lc -lm -Wl,--end-group
Finished building target: Driver_dev.elf
 
arm-none-eabi-size  Driver_dev.elf 
arm-none-eabi-objdump -h -S Driver_dev.elf  > "Driver_dev.list"
   text	   data	    bss	    dec	    hex	filename
    664	      0	   1568	   2232	    8b8	Driver_dev.elf
Finished building: default.size.stdout
 
Finished building: Driver_dev.list
 

12:11:37 Build Finished. 0 errors, 0 warnings. (took 2s.834ms)

