Archive member included to satisfy reference by file (symbol)

/Applications/STM32CubeIDE.app/Contents/Eclipse/plugins/com.st.stm32cube.ide.mcu.externaltools.gnu-tools-for-stm32.13.3.rel1.macos64_1.0.0.202411102158/tools/bin/../lib/gcc/arm-none-eabi/13.3.1/../../../../arm-none-eabi/lib/thumb/v7e-m/nofp/libc_nano.a(libc_a-exit.o)
                              /Applications/STM32CubeIDE.app/Contents/Eclipse/plugins/com.st.stm32cube.ide.mcu.externaltools.gnu-tools-for-stm32.13.3.rel1.macos64_1.0.0.202411102158/tools/bin/../lib/gcc/arm-none-eabi/13.3.1/../../../../arm-none-eabi/lib/thumb/v7e-m/nofp/crt0.o (exit)
/Applications/STM32CubeIDE.app/Contents/Eclipse/plugins/com.st.stm32cube.ide.mcu.externaltools.gnu-tools-for-stm32.13.3.rel1.macos64_1.0.0.202411102158/tools/bin/../lib/gcc/arm-none-eabi/13.3.1/../../../../arm-none-eabi/lib/thumb/v7e-m/nofp/libc_nano.a(libc_a-findfp.o)
                              /Applications/STM32CubeIDE.app/Contents/Eclipse/plugins/com.st.stm32cube.ide.mcu.externaltools.gnu-tools-for-stm32.13.3.rel1.macos64_1.0.0.202411102158/tools/bin/../lib/gcc/arm-none-eabi/13.3.1/../../../../arm-none-eabi/lib/thumb/v7e-m/nofp/libc_nano.a(libc_a-exit.o) (__stdio_exit_handler)
/Applications/STM32CubeIDE.app/Contents/Eclipse/plugins/com.st.stm32cube.ide.mcu.externaltools.gnu-tools-for-stm32.13.3.rel1.macos64_1.0.0.202411102158/tools/bin/../lib/gcc/arm-none-eabi/13.3.1/../../../../arm-none-eabi/lib/thumb/v7e-m/nofp/libc_nano.a(libc_a-fwalk.o)
                              /Applications/STM32CubeIDE.app/Contents/Eclipse/plugins/com.st.stm32cube.ide.mcu.externaltools.gnu-tools-for-stm32.13.3.rel1.macos64_1.0.0.202411102158/tools/bin/../lib/gcc/arm-none-eabi/13.3.1/../../../../arm-none-eabi/lib/thumb/v7e-m/nofp/libc_nano.a(libc_a-findfp.o) (_fwalk_sglue)
/Applications/STM32CubeIDE.app/Contents/Eclipse/plugins/com.st.stm32cube.ide.mcu.externaltools.gnu-tools-for-stm32.13.3.rel1.macos64_1.0.0.202411102158/tools/bin/../lib/gcc/arm-none-eabi/13.3.1/../../../../arm-none-eabi/lib/thumb/v7e-m/nofp/libc_nano.a(libc_a-memset.o)
                              /Applications/STM32CubeIDE.app/Contents/Eclipse/plugins/com.st.stm32cube.ide.mcu.externaltools.gnu-tools-for-stm32.13.3.rel1.macos64_1.0.0.202411102158/tools/bin/../lib/gcc/arm-none-eabi/13.3.1/../../../../arm-none-eabi/lib/thumb/v7e-m/nofp/crt0.o (memset)
/Applications/STM32CubeIDE.app/Contents/Eclipse/plugins/com.st.stm32cube.ide.mcu.externaltools.gnu-tools-for-stm32.13.3.rel1.macos64_1.0.0.202411102158/tools/bin/../lib/gcc/arm-none-eabi/13.3.1/../../../../arm-none-eabi/lib/thumb/v7e-m/nofp/libc_nano.a(libc_a-errno.o)
                              ./Src/syscalls.o (__errno)
/Applications/STM32CubeIDE.app/Contents/Eclipse/plugins/com.st.stm32cube.ide.mcu.externaltools.gnu-tools-for-stm32.13.3.rel1.macos64_1.0.0.202411102158/tools/bin/../lib/gcc/arm-none-eabi/13.3.1/../../../../arm-none-eabi/lib/thumb/v7e-m/nofp/libc_nano.a(libc_a-init.o)
                              /Applications/STM32CubeIDE.app/Contents/Eclipse/plugins/com.st.stm32cube.ide.mcu.externaltools.gnu-tools-for-stm32.13.3.rel1.macos64_1.0.0.202411102158/tools/bin/../lib/gcc/arm-none-eabi/13.3.1/../../../../arm-none-eabi/lib/thumb/v7e-m/nofp/crt0.o (__libc_init_array)
/Applications/STM32CubeIDE.app/Contents/Eclipse/plugins/com.st.stm32cube.ide.mcu.externaltools.gnu-tools-for-stm32.13.3.rel1.macos64_1.0.0.202411102158/tools/bin/../lib/gcc/arm-none-eabi/13.3.1/../../../../arm-none-eabi/lib/thumb/v7e-m/nofp/libc_nano.a(libc_a-lock.o)
                              /Applications/STM32CubeIDE.app/Contents/Eclipse/plugins/com.st.stm32cube.ide.mcu.externaltools.gnu-tools-for-stm32.13.3.rel1.macos64_1.0.0.202411102158/tools/bin/../lib/gcc/arm-none-eabi/13.3.1/../../../../arm-none-eabi/lib/thumb/v7e-m/nofp/libc_nano.a(libc_a-findfp.o) (__retarget_lock_init_recursive)
/Applications/STM32CubeIDE.app/Contents/Eclipse/plugins/com.st.stm32cube.ide.mcu.externaltools.gnu-tools-for-stm32.13.3.rel1.macos64_1.0.0.202411102158/tools/bin/../lib/gcc/arm-none-eabi/13.3.1/../../../../arm-none-eabi/lib/thumb/v7e-m/nofp/libc_nano.a(libc_a-impure.o)
                              /Applications/STM32CubeIDE.app/Contents/Eclipse/plugins/com.st.stm32cube.ide.mcu.externaltools.gnu-tools-for-stm32.13.3.rel1.macos64_1.0.0.202411102158/tools/bin/../lib/gcc/arm-none-eabi/13.3.1/../../../../arm-none-eabi/lib/thumb/v7e-m/nofp/libc_nano.a(libc_a-errno.o) (_impure_ptr)
/Applications/STM32CubeIDE.app/Contents/Eclipse/plugins/com.st.stm32cube.ide.mcu.externaltools.gnu-tools-for-stm32.13.3.rel1.macos64_1.0.0.202411102158/tools/bin/../lib/gcc/arm-none-eabi/13.3.1/../../../../arm-none-eabi/lib/thumb/v7e-m/nofp/libc_nano.a(libc_a-mallocr.o)
[...]
Memory Configuration

Name             Origin             Length             Attributes
RAM              0x20000000         0x00018000         xrw
FLASH            0x08000000         0x00080000         xr
*default*        0x00000000         0xffffffff

Linker script and memory map

LOAD /Applications/STM32CubeIDE.app/Contents/Eclipse/plugins/com.st.stm32cube.ide.mcu.externaltools.gnu-tools-for-stm32.13.3.rel1.macos64_1.0.0.202411102158/tools/bin/../lib/gcc/arm-none-eabi/13.3.1/thumb/v7e-m/nofp/crti.o
LOAD /Applications/STM32CubeIDE.app/Contents/Eclipse/plugins/com.st.stm32cube.ide.mcu.externaltools.gnu-tools-for-stm32.13.3.rel1.macos64_1.0.0.202411102158/tools/bin/../lib/gcc/arm-none-eabi/13.3.1/thumb/v7e-m/nofp/crtbegin.o
LOAD /Applications/STM32CubeIDE.app/Contents/Eclipse/plugins/com.st.stm32cube.ide.mcu.externaltools.gnu-tools-for-stm32.13.3.rel1.macos64_1.0.0.202411102158/tools/bin/../lib/gcc/arm-none-eabi/13.3.1/../../../../arm-none-eabi/lib/thumb/v7e-m/nofp/crt0.o
LOAD ./Drivers/src/stm32f401xx_gpio_driver.o
LOAD ./Drivers/src/stm32f401xx_i2c_driver.o
LOAD ./Drivers/src/stm32f401xx_spi_driver.o
LOAD ./Src/Gpio_Toggle.o
LOAD ./Src/Gpioint.o
LOAD ./Src/syscalls.o
LOAD ./Src/sysmem.o
LOAD ./Startup/startup_stm32f401retx.o
START GROUP
LOAD /Applications/STM32CubeIDE.app/Contents/Eclipse/plugins/com.st.stm32cube.ide.mcu.externaltools.gnu-tools-for-stm32.13.3.rel1.macos64_1.0.0.202411102158/tools/bin/../lib/gcc/arm-none-eabi/13.3.1/../../../../arm-none-eabi/lib/thumb/v7e-m/nofp/libc_nano.a
LOAD /Applications/STM32CubeIDE.app/Contents/Eclipse/plugins/com.st.stm32cube.ide.mcu.externaltools.gnu-tools-for-stm32.13.3.rel1.macos64_1.0.0.202411102158/tools/bin/../lib/gcc/arm-none-eabi/13.3.1/../../../../arm-none-eabi/lib/thumb/v7e-m/nofp/libm.a
END GROUP
START GROUP
LOAD /Applications/STM32CubeIDE.app/Contents/Eclipse/plugins/com.st.stm32cube.ide.mcu.externaltools.gnu-tools-for-stm32.13.3.rel1.macos64_1.0.0.202411102158/tools/bin/../lib/gcc/arm-none-eabi/13.3.1/thumb/v7e-m/nofp/libgcc.a
LOAD /Applications/STM32CubeIDE.app/Contents/Eclipse/plugins/com.st.stm32cube.ide.mcu.externaltools.gnu-tools-for-stm32.13.3.rel1.macos64_1.0.0.202411102158/tools/bin/../lib/gcc/arm-none-eabi/13.3.1/../../../../arm-none-eabi/lib/thumb/v7e-m/nofp/libc_nano.a
END GROUP
START GROUP
LOAD /Applications/STM32CubeIDE.app/Contents/Eclipse/plugins/com.st.stm32cube.ide.mcu.externaltools.gnu-tools-for-stm32.13.3.rel1.macos64_1.0.0.202411102158/tools/bin/../lib/gcc/arm-none-eabi/13.3.1/thumb/v7e-m/nofp/libgcc.a
LOAD /Applications/STM32CubeIDE.app/Contents/Eclipse/plugins/com.st.stm32cube.ide.mcu.externaltools.gnu-tools-for-stm32.13.3.rel1.macos64_1.0.0.202411102158/tools/bin/../lib/gcc/arm-none-eabi/13.3.1/../../../../arm-none-eabi/lib/thumb/v7e-m/nofp/libc_nano.a
LOAD /Applications/STM32CubeIDE.app/Contents/Eclipse/plugins/com.st.stm32cube.ide.mcu.externaltools.gnu-tools-for-stm32.13.3.rel1.macos64_1.0.0.202411102158/tools/bin/../lib/gcc/arm-none-eabi/13.3.1/../../../../arm-none-eabi/lib/thumb/v7e-m/nofp/libnosys.a
END GROUP
START GROUP
LOAD /Applications/STM32CubeIDE.app/Contents/Eclipse/plugins/com.st.stm32cube.ide.mcu.externaltools.gnu-tools-for-stm32.13.3.rel1.macos64_1.0.0.202411102158/tools/bin/../lib/gcc/arm-none-eabi/13.3.1/thumb/v7e-m/nofp/libgcc.a
LOAD /Applications/STM32CubeIDE.app/Contents/Eclipse/plugins/com.st.stm32cube.ide.mcu.externaltools.gnu-tools-for-stm32.13.3.rel1.macos64_1.0.0.202411102158/tools/bin/../lib/gcc/arm-none-eabi/13.3.1/../../../../arm-none-eabi/lib/thumb/v7e-m/nofp/libc_nano.a
LOAD /Applications/STM32CubeIDE.app/Contents/Eclipse/plugins/com.st.stm32cube.ide.mcu.externaltools.gnu-tools-for-stm32.13.3.rel1.macos64_1.0.0.202411102158/tools/bin/../lib/gcc/arm-none-eabi/13.3.1/../../../../arm-none-eabi/lib/thumb/v7e-m/nofp/libnosys.a
END GROUP
LOAD /Applications/STM32CubeIDE.app/Contents/Eclipse/plugins/com.st.stm32cube.ide.mcu.externaltools.gnu-tools-for-stm32.13.3.rel1.macos64_1.0.0.202411102158/tools/bin/../lib/gcc/arm-none-eabi/13.3.1/thumb/v7e-m/nofp/crtend.o
LOAD /Applications/STM32CubeIDE.app/Contents/Eclipse/plugins/com.st.stm32cube.ide.mcu.externaltools.gnu-tools-for-stm32.13.3.rel1.macos64_1.0.0.202411102158/tools/bin/../lib/gcc/arm-none-eabi/13.3.1/thumb/v7e-m/nofp/crtn.o
                0x20018000                        _estack = (ORIGIN (RAM) + LENGTH (RAM))
                0x00000200                        _Min_Heap_Size = 0x200
                0x00000400                        _Min_Stack_Size = 0x400

.isr_vector     0x08000000      0x194
                0x08000000                        . = ALIGN (0x4)
 *(.isr_vector)
 .isr_vector    0x08000000      0x194 ./Startup/startup_stm32f401retx.o
                0x08000000                g_pfnVectors
                0x08000194                        . = ALIGN (0x4)

.text           0x08000194      0x700
                0x08000194                        . = ALIGN (0x4)
 *(.text)
 .text          0x08000194       0x40 /Applications/STM32CubeIDE.app/Contents/Eclipse/plugins/com.st.stm32cube.ide.mcu.externaltools.gnu-tools-for-stm32.13.3.rel1.macos64_1.0.0.202411102158/tools/bin/../lib/gcc/arm-none-eabi/13.3.1/thumb/v7e-m/nofp/crtbegin.o
 *(.text*)
 .text.GPIO_PeriClockControl
                0x080001d4      0x140 ./Drivers/src/stm32f401xx_gpio_driver.o
                0x080001d4                GPIO_PeriClockControl
 .text.GPIO_Init
                0x08000314      0x320 ./Drivers/src/stm32f401xx_gpio_driver.o
                0x08000314                GPIO_Init
 .text.GPIO_ReadFromInputPin
                0x08000634       0x2a ./Drivers/src/stm32f401xx_gpio_driver.o
                0x08000634                GPIO_ReadFromInputPin
 .text.GPIO_WriteToOutputPin
                0x0800065e       0x48 ./Drivers/src/stm32f401xx_gpio_driver.o
                0x0800065e                GPIO_WriteToOutputPin
 .text.GPIO_ToggleOutputPin
                0x080006a6       0x28 ./Drivers/src/stm32f401xx_gpio_driver.o
                0x080006a6                GPIO_ToggleOutputPin
 *fill*         0x080006ce        0x2 
 .text.GPIO_IRQHandling
                0x080006d0       0x40 ./Drivers/src/stm32f401xx_gpio_driver.o
                0x080006d0                GPIO_IRQHandling
 .text.delay    0x08000710       0x2c ./Src/Gpio_Toggle.o
                0x08000710                delay
 .text.main     0x0800073c       0x88 ./Src/Gpio_Toggle.o
                0x0800073c                main
 .text.EXTI15_10_IRQHandler
                0x080007c4       0x1c ./Src/Gpioint.o
                0x080007c4                EXTI15_10_IRQHandler
 .text.Reset_Handler
                0x080007e0       0x50 ./Startup/startup_stm32f401retx.o
                0x080007e0                Reset_Handler
 .text.Default_Handler
                0x08000830        0x2 ./Startup/startup_stm32f401retx.o
                0x08000830                DMA1_Stream3_IRQHandler
                0x08000830                DebugMon_Handler
                0x08000830                SPI4_IRQHandler
                0x08000830                TIM1_CC_IRQHandler
                0x08000830                DMA2_Stream5_IRQHandler
                0x08000830                HardFault_Handler
                0x08000830                DMA1_Stream5_IRQHandler
                0x08000830                SysTick_Handler
                0x08000830                SDIO_IRQHandler
                0x08000830                TAMP_STAMP_IRQHandler
                0x08000830                PendSV_Handler
                0x08000830                NMI_Handler
                0x08000830                EXTI3_IRQHandler
                0x08000830                TIM1_UP_TIM10_IRQHandler
                0x08000830                I2C3_ER_IRQHandler
                0x08000830                EXTI18_OTG_FS_WKUP_IRQHandler
                0x08000830                EXTI0_IRQHandler
                0x08000830                I2C2_EV_IRQHandler
                0x08000830                DMA1_Stream2_IRQHandler
                0x08000830                UsageFault_Handler
                0x08000830                DMA2_Stream2_IRQHandler
                0x08000830                SPI1_IRQHandler
                0x08000830                TIM1_BRK_TIM9_IRQHandler
                0x08000830                DMA2_Stream3_IRQHandler
                0x08000830                USART6_IRQHandler
                0x08000830                DMA2_Stream0_IRQHandler
                0x08000830                TIM4_IRQHandler
                0x08000830                I2C1_EV_IRQHandler
                0x08000830                DMA1_Stream6_IRQHandler
                0x08000830                DMA1_Stream1_IRQHandler
                0x08000830                TIM3_IRQHandler
                0x08000830                RCC_IRQHandler
                0x08000830                Default_Handler
                0x08000830                ADC_IRQHandler
                0x08000830                DMA1_Stream7_IRQHandler
                0x08000830                TIM5_IRQHandler
                0x08000830                DMA2_Stream7_IRQHandler
                0x08000830                I2C3_EV_IRQHandler
                0x08000830                EXTI9_5_IRQHandler
                0x08000830                SPI2_IRQHandler
                0x08000830                MemManage_Handler
                0x08000830                DMA1_Stream0_IRQHandler
                0x08000830                SVC_Handler
                0x08000830                EXTI4_IRQHandler
                0x08000830                EXTI22_RTC_WKUP_IRQHandler
                0x08000830                TIM2_IRQHandler
                0x08000830                EXTI16_PVD_IRQHandler
                0x08000830                TIM1_TRG_COM_TIM11_IRQHandler
                0x08000830                EXTI1_IRQHandler
                0x08000830                EXTI17_RTC_Alarm_IRQHandler
                0x08000830                USART2_IRQHandler
                0x08000830                I2C2_ER_IRQHandler
                0x08000830                DMA2_Stream1_IRQHandler
                0x08000830                FLASH_IRQHandler
                0x08000830                DMA2_Stream4_IRQHandler
                0x08000830                BusFault_Handler
                0x08000830                USART1_IRQHandler
                0x08000830                OTG_FS_IRQHandler
                0x08000830                SPI3_IRQHandler
                0x08000830                DMA1_Stream4_IRQHandler
                0x08000830                I2C1_ER_IRQHandler
                0x08000830                DMA2_Stream6_IRQHandler
                0x08000830                EXTI2_IRQHandler
 *fill*         0x08000832        0x2 
 .text.__libc_init_array
                0x08000834       0x48 /Applications/STM32CubeIDE.app/Contents/Eclipse/plugins/com.st.stm32cube.ide.mcu.externaltools.gnu-tools-for-stm32.13.3.rel1.macos64_1.0.0.202411102158/tools/bin/../lib/gcc/arm-none-eabi/13.3.1/../../../../arm-none-eabi/lib/thumb/v7e-m/nofp/libc_nano.a(libc_a-init.o)
                0x08000834                __libc_init_array
 *(.glue_7)
 .glue_7        0x0800087c        0x0 linker stubs
 *(.glue_7t)
 .glue_7t       0x0800087c        0x0 linker stubs
 *(.eh_frame)
 .eh_frame      0x0800087c        0x0 /Applications/STM32CubeIDE.app/Contents/Eclipse/plugins/com.st.stm32cube.ide.mcu.externaltools.gnu-tools-for-stm32.13.3.rel1.macos64_1.0.0.202411102158/tools/bin/../lib/gcc/arm-none-eabi/13.3.1/thumb/v7e-m/nofp/crtbegin.o
 *(.init)
 .init          0x0800087c        0x4 /Applications/STM32CubeIDE.app/Contents/Eclipse/plugins/com.st.stm32cube.ide.mcu.externaltools.gnu-tools-for-stm32.13.3.rel1.macos64_1.0.0.202411102158/tools/bin/../lib/gcc/arm-none-eabi/13.3.1/thumb/v7e-m/nofp/crti.o
                0x0800087c                _init
 .init          0x08000880        0x8 /Applications/STM32CubeIDE.app/Contents/Eclipse/plugins/com.st.stm32cube.ide.mcu.externaltools.gnu-tools-for-stm32.13.3.rel1.macos64_1.0.0.202411102158/tools/bin/../lib/gcc/arm-none-eabi/13.3.1/thumb/v7e-m/nofp/crtn.o
 *(.fini)
 .fini          0x08000888        0x4 /Applications/STM32CubeIDE.app/Contents/Eclipse/plugins/com.st.stm32cube.ide.mcu.externaltools.gnu-tools-for-stm32.13.3.rel1.macos64_1.0.0.202411102158/tools/bin/../lib/gcc/arm-none-eabi/13.3.1/thumb/v7e-m/nofp/crti.o
                0x08000888                _fini
 .fini          0x0800088c        0x8 /Applications/STM32CubeIDE.app/Contents/Eclipse/plugins/com.st.stm32cube.ide.mcu.externaltools.gnu-tools-for-stm32.13.3.rel1.macos64_1.0.0.202411102158/tools/bin/../lib/gcc/arm-none-eabi/13.3.1/thumb/v7e-m/nofp/crtn.o
                0x08000894                        . = ALIGN (0x4)
                0x08000894                        _etext = .

.vfp11_veneer   0x08000894        0x0
 .vfp11_veneer  0x08000894        0x0 linker stubs

.v4_bx          0x08000894        0x0
 .v4_bx         0x08000894        0x0 linker stubs

.iplt           0x08000894        0x0
 .iplt          0x08000894        0x0 /Applications/STM32CubeIDE.app/Contents/Eclipse/plugins/com.st.stm32cube.ide.mcu.externaltools.gnu-tools-for-stm32.13.3.rel1.macos64_1.0.0.202411102158/tools/bin/../lib/gcc/arm-none-eabi/13.3.1/thumb/v7e-m/nofp/crtbegin.o

.rodata         0x08000894        0x0
                0x08000894                        . = ALIGN (0x4)
 *(.rodata)
 *(.rodata*)
                0x08000894                        . = ALIGN (0x4)

.ARM.extab      0x08000894        0x0
                0x08000894                        . = ALIGN (0x4)
 *(.ARM.extab* .gnu.linkonce.armextab.*)
                0x08000894                        . = ALIGN (0x4)

.ARM            0x08000894        0x0
                0x08000894                        . = ALIGN (0x4)
                0x08000894                        __exidx_start = .
 *(.ARM.exidx*)
                0x08000894                        __exidx_end = .
                0x08000894                        . = ALIGN (0x4)

.preinit_array  0x08000894        0x0
                0x08000894                        . = ALIGN (0x4)
                0x08000894                        PROVIDE (__preinit_array_start = .)
 *(.preinit_array*)
                0x08000894                        PROVIDE (__preinit_array_end = .)
                0x08000894                        . = ALIGN (0x4)

.init_array     0x08000894        0x4
                0x08000894                        . = ALIGN (0x4)
                0x08000894                        PROVIDE (__init_array_start = .)
 *(SORT_BY_NAME(.init_array.*))
 *(.init_array*)
 .init_array    0x08000894        0x4 /Applications/STM32CubeIDE.app/Contents/Eclipse/plugins/com.st.stm32cube.ide.mcu.externaltools.gnu-tools-for-stm32.13.3.rel1.macos64_1.0.0.202411102158/tools/bin/../lib/gcc/arm-none-eabi/13.3.1/thumb/v7e-m/nofp/crtbegin.o
                0x08000898                        PROVIDE (__init_array_end = .)
                0x08000898                        . = ALIGN (0x4)

.fini_array     0x08000898        0x4
                0x08000898                        . = ALIGN (0x4)
                [!provide]                        PROVIDE (__fini_array_start = .)
 *(SORT_BY_NAME(.fini_array.*))
 *(.fini_array*)
 .fini_array    0x08000898        0x4 /Applications/STM32CubeIDE.app/Contents/Eclipse/plugins/com.st.stm32cube.ide.mcu.externaltools.gnu-tools-for-stm32.13.3.rel1.macos64_1.0.0.202411102158/tools/bin/../lib/gcc/arm-none-eabi/13.3.1/thumb/v7e-m/nofp/crtbegin.o
                [!provide]                        PROVIDE (__fini_array_end = .)
                0x0800089c                        . = ALIGN (0x4)
                0x0800089c                        _sidata = LOADADDR (.data)

.rel.dyn        0x0800089c        0x0
 .rel.iplt      0x0800089c        0x0 /Applications/STM32CubeIDE.app/Contents/Eclipse/plugins/com.st.stm32cube.ide.mcu.externaltools.gnu-tools-for-stm32.13.3.rel1.macos64_1.0.0.202411102158/tools/bin/../lib/gcc/arm-none-eabi/13.3.1/thumb/v7e-m/nofp/crtbegin.o

.data           0x20000000        0x0 load address 0x0800089c
                0x20000000                        . = ALIGN (0x4)
                0x20000000                        _sdata = .
 *(.data)
 *(.data*)
 *(.RamFunc)
 *(.RamFunc*)
                0x20000000                        . = ALIGN (0x4)
                0x20000000                        _edata = .

.igot.plt       0x20000000        0x0 load address 0x0800089c
 .igot.plt      0x20000000        0x0 /Applications/STM32CubeIDE.app/Contents/Eclipse/plugins/com.st.stm32cube.ide.mcu.externaltools.gnu-tools-for-stm32.13.3.rel1.macos64_1.0.0.202411102158/tools/bin/../lib/gcc/arm-none-eabi/13.3.1/thumb/v7e-m/nofp/crtbegin.o
                0x20000000                        . = ALIGN (0x4)

.bss            0x20000000       0x1c load address 0x0800089c
                0x20000000                        _sbss = .
                0x20000000                        __bss_start__ = _sbss
 *(.bss)
 .bss           0x20000000       0x1c /Applications/STM32CubeIDE.app/Contents/Eclipse/plugins/com.st.stm32cube.ide.mcu.externaltools.gnu-tools-for-stm32.13.3.rel1.macos64_1.0.0.202411102158/tools/bin/../lib/gcc/arm-none-eabi/13.3.1/thumb/v7e-m/nofp/crtbegin.o
 *(.bss*)
 *(COMMON)
                0x2000001c                        . = ALIGN (0x4)
                0x2000001c                        _ebss = .
                0x2000001c                        __bss_end__ = _ebss

._user_heap_stack
                0x2000001c      0x604 load address 0x0800089c
                0x20000020                        . = ALIGN (0x8)
 *fill*         0x2000001c        0x4 
                [!provide]                        PROVIDE (end = .)
                0x20000020                        PROVIDE (_end = .)
                0x20000220                        . = (. + _Min_Heap_Size)
 *fill*         0x20000020      0x200 
                0x20000620                        . = (. + _Min_Stack_Size)
 *fill*         0x20000220      0x400 
                0x20000620                        . = ALIGN (0x8)

/DISCARD/
 libc.a(*)
 libm.a(*)
 libgcc.a(*)

.ARM.attributes
                0x00000000       0x2a
 *(.ARM.attributes)
 .ARM.attributes
                0x00000000       0x1e /Applications/STM32CubeIDE.app/Contents/Eclipse/plugins/com.st.stm32cube.ide.mcu.externaltools.gnu-tools-for-stm32.13.3.rel1.macos64_1.0.0.202411102158/tools/bin/../lib/gcc/arm-none-eabi/13.3.1/thumb/v7e-m/nofp/crti.o
 .ARM.attributes
                0x0000001e       0x2e /Applications/STM32CubeIDE.app/Contents/Eclipse/plugins/com.st.stm32cube.ide.mcu.externaltools.gnu-tools-for-stm32.13.3.rel1.macos64_1.0.0.202411102158/tools/bin/../lib/gcc/arm-none-eabi/13.3.1/thumb/v7e-m/nofp/crtbegin.o
 .ARM.attributes
                0x0000004c       0x2e ./Drivers/src/stm32f401xx_gpio_driver.o
 .ARM.attributes
                0x0000007a       0x2e ./Src/Gpio_Toggle.o
 .ARM.attributes
                0x000000a8       0x2e ./Src/Gpioint.o
 .ARM.attributes
                0x000000d6       0x21 ./Startup/startup_stm32f401retx.o
 .ARM.attributes
                0x000000f7       0x2e /Applications/STM32CubeIDE.app/Contents/Eclipse/plugins/com.st.stm32cube.ide.mcu.externaltools.gnu-tools-for-stm32.13.3.rel1.macos64_1.0.0.202411102158/tools/bin/../lib/gcc/arm-none-eabi/13.3.1/../../../../arm-none-eabi/lib/thumb/v7e-m/nofp/libc_nano.a(libc_a-init.o)
 .ARM.attributes
                0x00000125       0x1e /Applications/STM32CubeIDE.app/Contents/Eclipse/plugins/com.st.stm32cube.ide.mcu.externaltools.gnu-tools-for-stm32.13.3.rel1.macos64_1.0.0.202411102158/tools/bin/../lib/gcc/arm-none-eabi/13.3.1/thumb/v7e-m/nofp/crtn.o
OUTPUT(Driver_dev.elf elf32-littlearm)
LOAD linker stubs
LOAD /Applications/STM32CubeIDE.app/Contents/Eclipse/plugins/com.st.stm32cube.ide.mcu.externaltools.gnu-tools-for-stm32.13.3.rel1.macos64_1.0.0.202411102158/tools/bin/../lib/gcc/arm-none-eabi/13.3.1/../../../../arm-none-eabi/lib/thumb/v7e-m/nofp/libc.a
LOAD /Applications/STM32CubeIDE.app/Contents/Eclipse/plugins/com.st.stm32cube.ide.mcu.externaltools.gnu-tools-for-stm32.13.3.rel1.macos64_1.0.0.202411102158/tools/bin/../lib/gcc/arm-none-eabi/13.3.1/../../../../arm-none-eabi/lib/thumb/v7e-m/nofp/libm.a
LOAD /Applications/STM32CubeIDE.app/Contents/Eclipse/plugins/com.st.stm32cube.ide.mcu.externaltools.gnu-tools-for-stm32.13.3.rel1.macos64_1.0.0.202411102158/tools/bin/../lib/gcc/arm-none-eabi/13.3.1/thumb/v7e-m/nofp/libgcc.a

.debug_info     0x00000000      0xc51
 .debug_info    0x00000000      0x6c3 ./Drivers/src/stm32f401xx_gpio_driver.o
 .debug_info    0x000006c3      0x2ae ./Src/Gpio_Toggle.o
 .debug_info    0x00000971      0x2b0 ./Src/Gpioint.o
 .debug_info    0x00000c21       0x30 ./Startup/startup_stm32f401retx.o

.debug_abbrev   0x00000000      0x408
 .debug_abbrev  0x00000000      0x192 ./Drivers/src/stm32f401xx_gpio_driver.o
 .debug_abbrev  0x00000192      0x129 ./Src/Gpio_Toggle.o
 .debug_abbrev  0x000002bb      0x129 ./Src/Gpioint.o
 .debug_abbrev  0x000003e4       0x24 ./Startup/startup_stm32f401retx.o

.debug_aranges  0x00000000       0xe8
 .debug_aranges
                0x00000000       0x68 ./Drivers/src/stm32f401xx_gpio_driver.o
 .debug_aranges
                0x00000068       0x28 ./Src/Gpio_Toggle.o
 .debug_aranges
                0x00000090       0x30 ./Src/Gpioint.o
 .debug_aranges
                0x000000c0       0x28 ./Startup/startup_stm32f401retx.o

.debug_rnglists
                0x00000000       0x9f
 .debug_rnglists
                0x00000000       0x4d ./Drivers/src/stm32f401xx_gpio_driver.o
 .debug_rnglists
                0x0000004d       0x1a ./Src/Gpio_Toggle.o
 .debug_rnglists
                0x00000067       0x1f ./Src/Gpioint.o
 .debug_rnglists
                0x00000086       0x19 ./Startup/startup_stm32f401retx.o

.debug_macro    0x00000000     0x17df
 .debug_macro   0x00000000       0x9e ./Drivers/src/stm32f401xx_gpio_driver.o
 .debug_macro   0x0000009e      0xad8 ./Drivers/src/stm32f401xx_gpio_driver.o
 .debug_macro   0x00000b76       0x22 ./Drivers/src/stm32f401xx_gpio_driver.o
 .debug_macro   0x00000b98       0x8e ./Drivers/src/stm32f401xx_gpio_driver.o
 .debug_macro   0x00000c26       0x51 ./Drivers/src/stm32f401xx_gpio_driver.o
 .debug_macro   0x00000c77      0x103 ./Drivers/src/stm32f401xx_gpio_driver.o
 .debug_macro   0x00000d7a       0x6a ./Drivers/src/stm32f401xx_gpio_driver.o
 .debug_macro   0x00000de4      0x1df ./Drivers/src/stm32f401xx_gpio_driver.o
 .debug_macro   0x00000fc3      0x50e ./Drivers/src/stm32f401xx_gpio_driver.o
 .debug_macro   0x000014d1       0x94 ./Drivers/src/stm32f401xx_gpio_driver.o
 .debug_macro   0x00001565       0x82 ./Drivers/src/stm32f401xx_gpio_driver.o
 .debug_macro   0x000015e7       0xc4 ./Drivers/src/stm32f401xx_gpio_driver.o
 .debug_macro   0x000016ab       0x9a ./Src/Gpio_Toggle.o
 .debug_macro   0x00001745       0x9a ./Src/Gpioint.o

.debug_line     0x00000000     0x12d2
 .debug_line    0x00000000      0x91d ./Drivers/src/stm32f401xx_gpio_driver.o
 .debug_line    0x0000091d      0x49f ./Src/Gpio_Toggle.o
 .debug_line    0x00000dbc      0x49b ./Src/Gpioint.o
 .debug_line    0x00001257       0x7b ./Startup/startup_stm32f401retx.o

.debug_str      0x00000000     0x5e18
 .debug_str     0x00000000     0x5e18 ./Drivers/src/stm32f401xx_gpio_driver.o
                               0x5ef6 (size before relaxing)
 .debug_str     0x00005e18     0x5d0f ./Src/Gpio_Toggle.o
 .debug_str     0x00005e18     0x5d1b ./Src/Gpioint.o
 .debug_str     0x00005e18       0x6e ./Startup/startup_stm32f401retx.o

.comment        0x00000000       0x43
 .comment       0x00000000       0x43 ./Drivers/src/stm32f401xx_gpio_driver.o
                                 0x44 (size before relaxing)
 .comment       0x00000043       0x44 ./Src/Gpio_Toggle.o
 .comment       0x00000043       0x44 ./Src/Gpioint.o

.debug_frame    0x00000000      0x28c
 .debug_frame   0x00000000      0x1a0 ./Drivers/src/stm32f401xx_gpio_driver.o
 .debug_frame   0x000001a0       0x58 ./Src/Gpio_Toggle.o
 .debug_frame   0x000001f8       0x68 ./Src/Gpioint.o
 .debug_frame   0x00000260       0x2c /Applications/STM32CubeIDE.app/Contents/Eclipse/plugins/com.st.stm32cube.ide.mcu.externaltools.gnu-tools-for-stm32.13.3.rel1.macos64_1.0.0.202411102158/tools/bin/../lib/gcc/arm-none-eabi/13.3.1/../../../../arm-none-eabi/lib/thumb/v7e-m/nofp/libc_nano.a(libc_a-init.o)

.debug_line_str
                0x00000000       0x52
 .debug_line_str
                0x00000000       0x52 ./Startup/startup_stm32f401retx.o
